Flow report for DE1_SOC
Tue Jun 11 15:15:53 2024
Quartus Prime Version 20.1.1 Build 720 11/11/2020 SJ Standard Edition


---------------------
; Table of Contents ;
---------------------
  1. Legal Notice
  2. Flow Summary
  3. Flow Settings
  4. Flow Non-Default Global Settings
  5. Flow Elapsed Time
  6. Flow OS Summary
  7. Flow Log
  8. Flow Messages
  9. Flow Suppressed Messages



----------------
; Legal Notice ;
----------------
Copyright (C) 2020  Intel Corporation. All rights reserved.
Your use of Intel Corporation's design tools, logic functions 
and other software and tools, and any partner logic 
functions, and any output files from any of the foregoing 
(including device programming or simulation files), and any 
associated documentation or information are expressly subject 
to the terms and conditions of the Intel Program License 
Subscription Agreement, the Intel Quartus Prime License Agreement,
the Intel FPGA IP License Agreement, or other applicable license
agreement, including, without limitation, that your use is for
the sole purpose of programming logic devices manufactured by
Intel and sold by Intel or its authorized distributors.  Please
refer to the applicable agreement for further details, at
https://fpgasoftware.intel.com/eula.



+-----------------------------------------------------------------------------------+
; Flow Summary                                                                      ;
+---------------------------------+-------------------------------------------------+
; Flow Status                     ; Successful - Tue Jun 11 15:15:53 2024           ;
; Quartus Prime Version           ; 20.1.1 Build 720 11/11/2020 SJ Standard Edition ;
; Revision Name                   ; DE1_SOC                                         ;
; Top-level Entity Name           ; DE1_SOC                                         ;
; Family                          ; Cyclone V                                       ;
; Device                          ; 5CSEMA5F31C6                                    ;
; Timing Models                   ; Final                                           ;
; Logic utilization (in ALMs)     ; 23,277 / 32,070 ( 73 % )                        ;
; Total registers                 ; 5426                                            ;
; Total pins                      ; 147 / 457 ( 32 % )                              ;
; Total virtual pins              ; 0                                               ;
; Total block memory bits         ; 2,400,256 / 4,065,280 ( 59 % )                  ;
; Total DSP Blocks                ; 32 / 87 ( 37 % )                                ;
; Total HSSI RX PCSs              ; 0                                               ;
; Total HSSI PMA RX Deserializers ; 0                                               ;
; Total HSSI TX PCSs              ; 0                                               ;
; Total HSSI PMA TX Serializers   ; 0                                               ;
; Total PLLs                      ; 1 / 6 ( 17 % )                                  ;
; Total DLLs                      ; 0 / 4 ( 0 % )                                   ;
+---------------------------------+-------------------------------------------------+


+-----------------------------------------+
; Flow Settings                           ;
+-------------------+---------------------+
; Option            ; Setting             ;
+-------------------+---------------------+
; Start date & time ; 06/11/2024 15:07:40 ;
; Main task         ; Compilation         ;
; Revision Name     ; DE1_SOC             ;
+-------------------+---------------------+


+-----------------------------------------------------------------------------------------------------------------------------------------------------------------------+
; Flow Non-Default Global Settings                                                                                                                                      ;
+--------------------------------------+--------------------------------------------------------------+---------------+-------------+-----------------------------------+
; Assignment Name                      ; Value                                                        ; Default Value ; Entity Name ; Section Id                        ;
+--------------------------------------+--------------------------------------------------------------+---------------+-------------+-----------------------------------+
; COMPILER_SIGNATURE_ID                ; 2222737845120.171814366025288                                ; --            ; --          ; --                                ;
; EDA_DESIGN_INSTANCE_NAME             ; NA                                                           ; --            ; --          ; testbench                         ;
; EDA_GENERATE_FUNCTIONAL_NETLIST      ; Off                                                          ; --            ; --          ; eda_board_design_timing           ;
; EDA_GENERATE_FUNCTIONAL_NETLIST      ; Off                                                          ; --            ; --          ; eda_board_design_boundary_scan    ;
; EDA_GENERATE_FUNCTIONAL_NETLIST      ; Off                                                          ; --            ; --          ; eda_board_design_signal_integrity ;
; EDA_GENERATE_FUNCTIONAL_NETLIST      ; Off                                                          ; --            ; --          ; eda_board_design_symbol           ;
; EDA_NATIVELINK_SIMULATION_TEST_BENCH ; testbench                                                    ; --            ; --          ; eda_simulation                    ;
; EDA_OUTPUT_DATA_FORMAT               ; Verilog Hdl                                                  ; --            ; --          ; eda_simulation                    ;
; EDA_SIMULATION_TOOL                  ; ModelSim (Verilog)                                           ; <None>        ; --          ; --                                ;
; EDA_TEST_BENCH_ENABLE_STATUS         ; TEST_BENCH_MODE                                              ; --            ; --          ; eda_simulation                    ;
; EDA_TEST_BENCH_FILE                  ; testbench.v                                                  ; --            ; --          ; testbench                         ;
; EDA_TEST_BENCH_MODULE_NAME           ; testbench                                                    ; --            ; --          ; testbench                         ;
; EDA_TEST_BENCH_NAME                  ; testbench                                                    ; --            ; --          ; eda_simulation                    ;
; EDA_TIME_SCALE                       ; 1 ps                                                         ; --            ; --          ; eda_simulation                    ;
; MAX_CORE_JUNCTION_TEMP               ; 85                                                           ; --            ; --          ; --                                ;
; MIN_CORE_JUNCTION_TEMP               ; 0                                                            ; --            ; --          ; --                                ;
; MISC_FILE                            ; linebuffer.bsf                                               ; --            ; --          ; --                                ;
; MISC_FILE                            ; linebuffer_bb.v                                              ; --            ; --          ; --                                ;
; MISC_FILE                            ; vgapll/synthesis/../vgapll.cmp                               ; --            ; --          ; --                                ;
; MISC_FILE                            ; vgapll/synthesis/../../vgapll.qsys                           ; --            ; --          ; --                                ;
; MISC_FILE                            ; video_pll2/synthesis/../video_pll2.cmp                       ; --            ; --          ; --                                ;
; MISC_FILE                            ; video_pll2/synthesis/../../video_pll2.qsys                   ; --            ; --          ; --                                ;
; MISC_FILE                            ; int_line_bb.v                                                ; --            ; --          ; --                                ;
; MISC_FILE                            ; LINEBUFFER_K.bsf                                             ; --            ; --          ; --                                ;
; MISC_FILE                            ; LINEBUFFER_K_bb.v                                            ; --            ; --          ; --                                ;
; MISC_FILE                            ; LINEBUFFER_RD.bsf                                            ; --            ; --          ; --                                ;
; MISC_FILE                            ; LINEBUFFER_RD_bb.v                                           ; --            ; --          ; --                                ;
; MISC_FILE                            ; DISPBUFFER.bsf                                               ; --            ; --          ; --                                ;
; MISC_FILE                            ; DISPBUFFER_bb.v                                              ; --            ; --          ; --                                ;
; MISC_FILE                            ; MINBUFFER.bsf                                                ; --            ; --          ; --                                ;
; MISC_FILE                            ; MINBUFFER_inst.v                                             ; --            ; --          ; --                                ;
; MISC_FILE                            ; MINBUFFER_bb.v                                               ; --            ; --          ; --                                ;
; MISC_FILE                            ; DOUBLEDISPBUFFER.bsf                                         ; --            ; --          ; --                                ;
; MISC_FILE                            ; DOUBLEDISPBUFFER_bb.v                                        ; --            ; --          ; --                                ;
; MISC_FILE                            ; DOUBLEWEIGHTBUFFER.bsf                                       ; --            ; --          ; --                                ;
; MISC_FILE                            ; DOUBLEWEIGHTBUFFER_bb.v                                      ; --            ; --          ; --                                ;
; MISC_FILE                            ; INTDIV.bsf                                                   ; --            ; --          ; --                                ;
; MISC_FILE                            ; INTDIV_inst.v                                                ; --            ; --          ; --                                ;
; MISC_FILE                            ; INTDIV_bb.v                                                  ; --            ; --          ; --                                ;
; MISC_FILE                            ; INTDIV.inc                                                   ; --            ; --          ; --                                ;
; MISC_FILE                            ; INTDIV.cmp                                                   ; --            ; --          ; --                                ;
; MISC_FILE                            ; INTDIV_syn.v                                                 ; --            ; --          ; --                                ;
; MISC_FILE                            ; RECTBUFFER.bsf                                               ; --            ; --          ; --                                ;
; MISC_FILE                            ; RECTBUFFER_bb.v                                              ; --            ; --          ; --                                ;
; MISC_FILE                            ; FPADD.bsf                                                    ; --            ; --          ; --                                ;
; MISC_FILE                            ; FPADD_inst.v                                                 ; --            ; --          ; --                                ;
; MISC_FILE                            ; FPADD_bb.v                                                   ; --            ; --          ; --                                ;
; MISC_FILE                            ; FPADD.inc                                                    ; --            ; --          ; --                                ;
; MISC_FILE                            ; FPADD.cmp                                                    ; --            ; --          ; --                                ;
; MISC_FILE                            ; FPADD_syn.v                                                  ; --            ; --          ; --                                ;
; MISC_FILE                            ; FPSUB.bsf                                                    ; --            ; --          ; --                                ;
; MISC_FILE                            ; FPSUB_inst.v                                                 ; --            ; --          ; --                                ;
; MISC_FILE                            ; FPSUB_bb.v                                                   ; --            ; --          ; --                                ;
; MISC_FILE                            ; FPSUB.inc                                                    ; --            ; --          ; --                                ;
; MISC_FILE                            ; FPSUB.cmp                                                    ; --            ; --          ; --                                ;
; MISC_FILE                            ; FPSUB_syn.v                                                  ; --            ; --          ; --                                ;
; MISC_FILE                            ; FPDIV.bsf                                                    ; --            ; --          ; --                                ;
; MISC_FILE                            ; FPDIV_inst.v                                                 ; --            ; --          ; --                                ;
; MISC_FILE                            ; FPDIV_bb.v                                                   ; --            ; --          ; --                                ;
; MISC_FILE                            ; FPDIV.inc                                                    ; --            ; --          ; --                                ;
; MISC_FILE                            ; FPDIV.cmp                                                    ; --            ; --          ; --                                ;
; MISC_FILE                            ; FPDIV_syn.v                                                  ; --            ; --          ; --                                ;
; MISC_FILE                            ; FPMUL.cmp                                                    ; --            ; --          ; --                                ;
; MISC_FILE                            ; FPMUL_sim/FPMUL.vo                                           ; --            ; --          ; --                                ;
; PARTITION_COLOR                      ; -- (Not supported for targeted family)                       ; --            ; --          ; Top                               ;
; PARTITION_FITTER_PRESERVATION_LEVEL  ; -- (Not supported for targeted family)                       ; --            ; --          ; Top                               ;
; PARTITION_NETLIST_TYPE               ; -- (Not supported for targeted family)                       ; --            ; --          ; Top                               ;
; POWER_BOARD_THERMAL_MODEL            ; None (CONSERVATIVE)                                          ; --            ; --          ; --                                ;
; POWER_PRESET_COOLING_SOLUTION        ; 23 MM HEAT SINK WITH 200 LFPM AIRFLOW                        ; --            ; --          ; --                                ;
; SLD_FILE                             ; vgapll/synthesis/vgapll.debuginfo                            ; --            ; --          ; --                                ;
; SLD_FILE                             ; video_pll2/synthesis/video_pll2.debuginfo                    ; --            ; --          ; --                                ;
; SLD_INFO                             ; QSYS_NAME vgapll HAS_SOPCINFO 1 GENERATION_ID 1716520284     ; --            ; vgapll      ; --                                ;
; SLD_INFO                             ; QSYS_NAME video_pll2 HAS_SOPCINFO 1 GENERATION_ID 1716432377 ; --            ; video_pll2  ; --                                ;
; SOPCINFO_FILE                        ; vgapll/synthesis/../../vgapll.sopcinfo                       ; --            ; --          ; --                                ;
; SOPCINFO_FILE                        ; video_pll2/synthesis/../../video_pll2.sopcinfo               ; --            ; --          ; --                                ;
; SPD_FILE                             ; FPMUL.spd                                                    ; --            ; --          ; --                                ;
; SYNTHESIS_ONLY_QIP                   ; On                                                           ; --            ; --          ; --                                ;
; SYNTHESIS_ONLY_QIP                   ; On                                                           ; --            ; --          ; --                                ;
; SYNTHESIS_ONLY_QIP                   ; On                                                           ; --            ; --          ; --                                ;
+--------------------------------------+--------------------------------------------------------------+---------------+-------------+-----------------------------------+


+--------------------------------------------------------------------------------------------------------------------------+
; Flow Elapsed Time                                                                                                        ;
+----------------------+--------------+-------------------------+---------------------+------------------------------------+
; Module Name          ; Elapsed Time ; Average Processors Used ; Peak Virtual Memory ; Total CPU Time (on all processors) ;
+----------------------+--------------+-------------------------+---------------------+------------------------------------+
; Analysis & Synthesis ; 00:01:54     ; 2.3                     ; 5287 MB             ; 00:02:13                           ;
; Fitter               ; 00:04:57     ; 1.4                     ; 7554 MB             ; 00:07:14                           ;
; Assembler            ; 00:00:17     ; 1.0                     ; 5181 MB             ; 00:00:10                           ;
; Timing Analyzer      ; 00:00:39     ; 4.1                     ; 5772 MB             ; 00:01:18                           ;
; EDA Netlist Writer   ; 00:00:09     ; 1.0                     ; 5146 MB             ; 00:00:07                           ;
; Total                ; 00:07:56     ; --                      ; --                  ; 00:11:02                           ;
+----------------------+--------------+-------------------------+---------------------+------------------------------------+


+------------------------------------------------------------------------------------+
; Flow OS Summary                                                                    ;
+----------------------+------------------+------------+------------+----------------+
; Module Name          ; Machine Hostname ; OS Name    ; OS Version ; Processor type ;
+----------------------+------------------+------------+------------+----------------+
; Analysis & Synthesis ; gregtop          ; Windows 10 ; 10.0       ; x86_64         ;
; Fitter               ; gregtop          ; Windows 10 ; 10.0       ; x86_64         ;
; Assembler            ; gregtop          ; Windows 10 ; 10.0       ; x86_64         ;
; Timing Analyzer      ; gregtop          ; Windows 10 ; 10.0       ; x86_64         ;
; EDA Netlist Writer   ; gregtop          ; Windows 10 ; 10.0       ; x86_64         ;
+----------------------+------------------+------------+------------+----------------+


------------
; Flow Log ;
------------
quartus_map --read_settings_files=on --write_settings_files=off DE1_SOC -c DE1_SOC
quartus_fit --read_settings_files=off --write_settings_files=off DE1_SOC -c DE1_SOC
quartus_asm --read_settings_files=off --write_settings_files=off DE1_SOC -c DE1_SOC
quartus_sta DE1_SOC -c DE1_SOC
quartus_eda --read_settings_files=off --write_settings_files=off DE1_SOC -c DE1_SOC



